<html>
<body>
<pre>
<h1>µVision Build Log</h1>
<h2>Tool Versions:</h2>
IDE-Version: ¦ÌVision V5.36.0.0
Copyright (C) 2021 ARM Ltd and ARM Germany GmbH. All rights reserved.
License Information: 1 Administrator, 1, LIC=585FJ-U1N09-45XT5-G9W99-NL02J-DZC6H
 
Tool Versions:
Toolchain:       MDK-ARM Plus  Version: 5.36.0.0
Toolchain Path:  C:\Keil_v5\ARM\ARMCC\Bin
C Compiler:      Armcc.exe V5.06 update 7 (build 960)
Assembler:       Armasm.exe V5.06 update 7 (build 960)
Linker/Locator:  ArmLink.exe V5.06 update 7 (build 960)
Library Manager: ArmAr.exe V5.06 update 7 (build 960)
Hex Converter:   FromElf.exe V5.06 update 7 (build 960)
CPU DLL:         SARMCM3.DLL V5.36.0.0
Dialog DLL:      DARMCM1.DLL V1.19.4.0
Target DLL:      Segger\JL2CM3.dll V2.99.40.0
Dialog DLL:      TARMCM1.DLL V1.14.4.0
 
<h2>Project:</h2>
F:\Project\KV006\program\Projects\MDK-ARM\Project.uvprojx
Project File Date:  07/18/2024

<h2>Output:</h2>
*** Using Compiler 'V5.06 update 7 (build 960)', folder: 'C:\Keil_v5\ARM\ARMCC\Bin'
Rebuild target 'Project'
assembling startup_py32c642xx.s...
compiling system_py32c642.c...
compiling py32c642_ll_gpio.c...
compiling py32c642_ll_adc.c...
compiling py32c642_ll_utils.c...
compiling py32c642_ll_exti.c...
compiling py32c642xx_ll_Start_Kit.c...
compiling py32c642_ll_lptim.c...
compiling py32c642_hal_cortex.c...
compiling py32c642_hal.c...
compiling py32c642_ll_rcc.c...
compiling py32c642_ll_tim.c...
compiling py32c642_hal_flash.c...
compiling py32c642_it.c...
compiling main.c...
compiling ADC.c...
compiling GPIO.c...
compiling PWR.c...
compiling FLASH.c...
compiling LPTIM.c...
compiling TIM.c...
compiling sys.c...
compiling Disp.c...
compiling portscan.c...
compiling baterry.c...
compiling out.c...
compiling SwitchDip.c...
compiling Sleep.c...
compiling ledIcRgb.c...
compiling AiP33A06.c...
linking...
Program Size: Code=15196 RO-data=380 RW-data=64 ZI-data=1308  
FromELF: creating hex file...
".\Objects\Project.axf" - 0 Error(s), 0 Warning(s).

<h2>Software Packages used:</h2>

Package Vendor: Puya
                https://www.puyasemi.com/Puya.PY32C642_DFP.1.0.3.pack
                Puya.PY32C642_DFP.1.0.3
                Puya PY32C642 Series Device Support

<h2>Collection of Component include folders:</h2>
  C:\Users\Administrator\AppData\Local\Arm\Packs\Puya\PY32C642_DFP\1.0.3\Device\Include

<h2>Collection of Component Files used:</h2>
Build Time Elapsed:  00:00:01
</pre>
</body>
</html>
